This is pdfTeX, Version 3.141592653-2.6-1.40.27 (TeX Live 2026/dev/Arch Linux) (preloaded format=pdflatex 2025.8.24)  13 SEP 2025 20:07
entering extended mode
 restricted \write18 enabled.
 %&-line parsing enabled.
**"\input{preamble.tex}\begin{document}\setcounter{section}{0}\section{Vectors 
and Matrices}\input{lecture-1.tex}\end{document}"
(/usr/share/texmf-dist/tex/latex/tools/.tex
LaTeX2e <2024-11-01> patch level 2
L3 programming layer <2025-01-18>
File ignored)

! LaTeX Error: File `preamble.tex' not found.

Type X to quit or <RETURN> to proceed,
or enter new name. (Default extension: tex)

Enter file name: x

! Emergency stop.
<read *> 
         
<*> "\input{preamble.tex}
                         \begin{document}\setcounter{section}{0}\section{Vec...
*** (cannot \read from terminal in nonstop modes)

 
Here is how much of TeX's memory you used:
 17 strings out of 475171
 489 string characters out of 5767095
 386848 words of memory out of 5000000
 23113 multiletter control sequences out of 15000+600000
 558837 words of font info for 36 fonts, out of 8000000 for 9000
 14 hyphenation exceptions out of 8191
 15i,0n,26p,206b,18s stack positions out of 10000i,1000n,20000p,200000b,200000s
!  ==> Fatal error occurred, no output PDF file produced!
